PRFDIAL.FRM      ; new dial for widescreen preference screen
TWNBACK.FRM      ; background for towns in widescreen mode
FISSION.FRM      ; logo for the engine
FISSMODS.FRM        ; fission logo mods button
SORTMISN.FRM        ; sort misc off button
SORTMISH.FRM        ; sort misc on button
SORTWEAN.FRM        ; sort weapon off button
SORTWEAH.FRM        ; sort weapon on button
SORTAMMN.FRM        ; sort ammo off button
SORTAMMH.FRM        ; sort ammo on button
SORTDEFN.FRM        ; sort default off button
SORTDEFH.FRM        ; sort default on button
SORTDRUN.FRM        ; sort drug off button
SORTDRUH.FRM        ; sort drug on button
SORTWEIN.FRM        ; sort by weight off
SORTWEIH.FRM        ; sort by weight on
SORTVALN.FRM        ; sort by value off
SORTVALH.FRM        ; sort by value on
SORTREVN.FRM        ; reverse sort off
SORTREVH.FRM        ; reverse sort on
MINIMAP.FRM         ; new minimap background
AUTOUP_M.FRM        ; minimap toggle up
AUTODN_M.FRM        ; minimap toggle down
INVBOX2.FRM         ; 2 column inventory
INVBOX3.FRM         ; 3 column inventory
INVBOX4.FRM         ; 4 column inventory
MODWIN.FRM          ; Mod List window background
BOXBON.FRM          ; Mod List sort button on
BOXBOFF.FRM         ; Mod List sort button off
ALLTLKBK.FRM        ; Dialog background for widescreen
LOOT2.FRM           ; Alternate Loot with Drop All button
INVDAUP.FRM         ; Drop All button up
INVDADN.FRM         ; Drop All button down
DI_DOWDS.FRM        ; Inventory Large down disabled button
DI_UPDS.FRM         ; Inventory Large up disabled button
MULTIMAP.FRM        ; Multidex map background
MULTISKI.FRM        ; Multidex skill background
MIMAKNBS.FRM        ; Multidex map red knobs
IFACE_SW.FRM        ; Multidex innards background